===== CAPTURE 1 / MATRIX ROUND 1 / COM6 / RIGHT_THUMB_NORMAL / VALID=True =====
SOURCE_JSONL_LINE=4607
COMMAND_EXECUTION_ID=exec-b507a379-32eb-4d7d-b024-c446d950cec9
CAPTURE_STARTED_LOCAL=2026-08-31 17:52:06.178 +08:00
CAPTURE_COMPLETED_LOCAL=2026-08-31 17:53:56.695 +08:00
COMMAND_DURATION_SECONDS=110.517
EXTERNAL_REFERENCE=70bpm上下，98%上下
CAPTURE_PORT=COM6
CAPTURE_SECONDS=110
DIAG T=0.0s W (200287) sample: ?????? 20028 ???????????? 5s +1??????1ESP-ROM:esp32c3-api1-20210207
DIAG T=0.0s rst:0x15 (USB_UART_CHIP_RESET),boot:0xc (SPI_FAST_FLASH_BOOT)
DIAG T=0.6s I (556) signal_diag: rate=0.0 dc_ir=0 dc_red=0 ac_ir=0 ac_red=0 band=0.000 quality=0.00 flags=0x00
FRAME T=0.6s HR=0 SpO2=0 conf=0 flags=0x00 seq=0
DIAG T=5.6s I (5586) signal_diag: rate=100.4 dc_ir=0 dc_red=0 ac_ir=0 ac_red=0 band=0.000 quality=0.00 flags=0x00
FRAME T=6.6s HR=0 SpO2=0 conf=0 flags=0x00 seq=1
DIAG T=10.6s I (10606) signal_diag: rate=100.4 dc_ir=0 dc_red=0 ac_ir=0 ac_red=0 band=0.000 quality=0.00 flags=0x00
FRAME T=10.6s HR=0 SpO2=0 conf=0 flags=0x00 seq=2
DIAG T=15.7s I (15676) signal_diag: rate=100.3 dc_ir=73276 dc_red=69030 ac_ir=292 ac_red=129 band=0.569 quality=0.70 flags=0x00
FRAME T=15.7s HR=0 SpO2=0 conf=70 flags=0x00 seq=3
DIAG T=20.8s I (20746) signal_diag: rate=100.3 dc_ir=73602 dc_red=69194 ac_ir=269 ac_red=131 band=0.750 quality=0.60 flags=0x00
FRAME T=20.8s HR=0 SpO2=0 conf=60 flags=0x00 seq=4
DIAG T=25.8s I (25816) signal_diag: rate=100.3 dc_ir=73572 dc_red=69195 ac_ir=337 ac_red=145 band=0.714 quality=0.70 flags=0x03
FRAME T=25.8s HR=68 SpO2=99 conf=70 flags=0x03 seq=5
DIAG T=30.9s I (30886) signal_diag: rate=100.2 dc_ir=73207 dc_red=69070 ac_ir=369 ac_red=137 band=0.794 quality=0.40 flags=0x05
FRAME T=30.9s HR=68 SpO2=0 conf=40 flags=0x05 seq=6
DIAG T=36.0s I (35956) signal_diag: rate=100.3 dc_ir=72719 dc_red=68882 ac_ir=443 ac_red=202 band=0.895 quality=0.40 flags=0x05
FRAME T=36.0s HR=68 SpO2=0 conf=40 flags=0x05 seq=7
DIAG T=41.0s I (41026) signal_diag: rate=100.3 dc_ir=72168 dc_red=68619 ac_ir=410 ac_red=188 band=0.893 quality=0.40 flags=0x05
FRAME T=41.1s HR=68 SpO2=0 conf=40 flags=0x05 seq=8
DIAG T=46.1s I (46096) signal_diag: rate=100.4 dc_ir=72143 dc_red=68587 ac_ir=372 ac_red=203 band=0.873 quality=0.40 flags=0x05
FRAME T=46.1s HR=68 SpO2=0 conf=40 flags=0x05 seq=9
DIAG T=51.2s I (51166) signal_diag: rate=100.4 dc_ir=72409 dc_red=68706 ac_ir=295 ac_red=183 band=0.900 quality=0.70 flags=0x03
FRAME T=51.2s HR=73 SpO2=95 conf=70 flags=0x03 seq=10
DIAG T=56.2s I (56236) signal_diag: rate=100.3 dc_ir=72368 dc_red=68729 ac_ir=333 ac_red=148 band=0.747 quality=0.40 flags=0x05
FRAME T=56.3s HR=73 SpO2=0 conf=40 flags=0x05 seq=11
DIAG T=61.3s I (61316) signal_diag: rate=100.3 dc_ir=72885 dc_red=68988 ac_ir=712 ac_red=306 band=0.906 quality=0.70 flags=0x03
FRAME T=61.3s HR=73 SpO2=99 conf=70 flags=0x03 seq=12
DIAG T=66.4s I (66386) signal_diag: rate=100.2 dc_ir=73540 dc_red=69205 ac_ir=356 ac_red=140 band=0.738 quality=0.40 flags=0x05
FRAME T=66.4s HR=73 SpO2=0 conf=40 flags=0x05 seq=13
DIAG T=71.5s I (71456) signal_diag: rate=100.3 dc_ir=73503 dc_red=69170 ac_ir=335 ac_red=152 band=0.740 quality=0.40 flags=0x05
FRAME T=71.5s HR=73 SpO2=0 conf=40 flags=0x05 seq=14
DIAG T=76.5s I (76526) signal_diag: rate=100.3 dc_ir=73442 dc_red=69194 ac_ir=314 ac_red=144 band=0.788 quality=0.85 flags=0x03
FRAME T=76.6s HR=73 SpO2=99 conf=85 flags=0x03 seq=15
DIAG T=81.6s I (81596) signal_diag: rate=100.3 dc_ir=73292 dc_red=69121 ac_ir=345 ac_red=153 band=0.795 quality=0.70 flags=0x03
FRAME T=81.6s HR=68 SpO2=99 conf=70 flags=0x03 seq=16
DIAG T=86.7s I (86666) signal_diag: rate=100.3 dc_ir=72956 dc_red=68945 ac_ir=388 ac_red=181 band=0.836 quality=0.70 flags=0x03
FRAME T=86.7s HR=68 SpO2=99 conf=70 flags=0x03 seq=17
DIAG T=91.8s I (91746) signal_diag: rate=100.3 dc_ir=72576 dc_red=68761 ac_ir=396 ac_red=174 band=0.852 quality=0.70 flags=0x03
FRAME T=91.8s HR=69 SpO2=99 conf=70 flags=0x03 seq=18
DIAG T=96.8s I (96816) signal_diag: rate=100.3 dc_ir=72799 dc_red=68843 ac_ir=610 ac_red=242 band=0.868 quality=0.85 flags=0x03
FRAME T=96.8s HR=71 SpO2=100 conf=85 flags=0x03 seq=19
DIAG T=101.9s I (101886) signal_diag: rate=100.2 dc_ir=73650 dc_red=69153 ac_ir=590 ac_red=213 band=0.910 quality=0.85 flags=0x01
FRAME T=101.9s HR=71 SpO2=0 conf=85 flags=0x01 seq=20
DIAG T=107.0s I (106966) signal_diag: rate=100.3 dc_ir=74150 dc_red=69328 ac_ir=230 ac_red=98 band=0.826 quality=0.40 flags=0x05
FRAME T=107.0s HR=71 SpO2=0 conf=40 flags=0x05 seq=21
SUMMARY TOTAL_FRAMES=22
SUMMARY STABLE_FRAMES=13
SUMMARY CLEAN_HR_COUNT=8
SUMMARY CLEAN_HR_VALUES=68,68,69,71,71,73,73,73
SUMMARY CLEAN_HR_MEDIAN=71
SUMMARY VALID_SPO2_COUNT=7
SUMMARY VALID_SPO2_VALUES=95,99,99,99,99,99,100
SUMMARY VALID_SPO2_MEDIAN=99
SUMMARY FALSE_LOCK_98_114_COUNT=0
SUMMARY BAD_VALID_SPO2_LT90_COUNT=0
CAPTURE_EXIT=0

===== CAPTURE 2 / MATRIX ROUND 2 / COM7 / RIGHT_THUMB_NORMAL / VALID=True =====
SOURCE_JSONL_LINE=4662
COMMAND_EXECUTION_ID=exec-eb6bbdcf-9763-4daa-9cdd-7fc7479ba1fc
CAPTURE_STARTED_LOCAL=2026-08-31 17:56:10.611 +08:00
CAPTURE_COMPLETED_LOCAL=2026-08-31 17:58:01.333 +08:00
COMMAND_DURATION_SECONDS=110.722
EXTERNAL_REFERENCE=71bpm左右，98%左右
CAPTURE_PORT=COM7
CAPTURE_SECONDS=110
DIAG T=0.0s W (205293) sample: ?????? 20442 ???????????? 5s +1??????1ESP-ROM:esp32c3-api1-20210207
DIAG T=0.0s rst:0x15 (USB_UART_CHIP_RESET),boot:0xc (SPI_FAST_FLASH_BOOT)
DIAG T=0.6s I (536) signal_diag: rate=0.0 dc_ir=0 dc_red=0 ac_ir=0 ac_red=0 band=0.000 quality=0.00 flags=0x00
FRAME T=0.6s HR=0 SpO2=0 conf=0 flags=0x00 seq=0
DIAG T=5.6s I (5556) signal_diag: rate=100.0 dc_ir=0 dc_red=0 ac_ir=0 ac_red=0 band=0.000 quality=0.00 flags=0x00
FRAME T=10.0s HR=0 SpO2=0 conf=0 flags=0x00 seq=1
DIAG T=10.6s I (10556) signal_diag: rate=99.9 dc_ir=0 dc_red=0 ac_ir=0 ac_red=0 band=0.000 quality=0.00 flags=0x00
FRAME T=10.6s HR=0 SpO2=0 conf=0 flags=0x00 seq=2
DIAG T=15.6s I (15606) signal_diag: rate=100.0 dc_ir=85316 dc_red=77529 ac_ir=337 ac_red=121 band=0.731 quality=0.60 flags=0x00
FRAME T=15.6s HR=0 SpO2=0 conf=60 flags=0x00 seq=3
DIAG T=20.7s I (20666) signal_diag: rate=100.0 dc_ir=85463 dc_red=77522 ac_ir=325 ac_red=135 band=0.726 quality=0.60 flags=0x00
FRAME T=20.7s HR=0 SpO2=0 conf=60 flags=0x00 seq=4
DIAG T=25.7s I (25726) signal_diag: rate=99.8 dc_ir=85473 dc_red=77451 ac_ir=308 ac_red=131 band=0.802 quality=0.60 flags=0x00
FRAME T=25.7s HR=0 SpO2=0 conf=60 flags=0x00 seq=5
DIAG T=30.8s I (30786) signal_diag: rate=99.9 dc_ir=85554 dc_red=77443 ac_ir=319 ac_red=285 band=0.775 quality=0.70 flags=0x00
FRAME T=30.8s HR=0 SpO2=0 conf=70 flags=0x00 seq=6
DIAG T=35.9s I (35846) signal_diag: rate=100.0 dc_ir=85696 dc_red=77454 ac_ir=304 ac_red=281 band=0.789 quality=0.85 flags=0x01
FRAME T=35.9s HR=70 SpO2=0 conf=85 flags=0x01 seq=7
DIAG T=40.9s I (40906) signal_diag: rate=99.9 dc_ir=85747 dc_red=77478 ac_ir=285 ac_red=137 band=0.675 quality=0.40 flags=0x05
FRAME T=40.9s HR=70 SpO2=0 conf=40 flags=0x05 seq=8
DIAG T=46.0s I (45966) signal_diag: rate=99.8 dc_ir=85756 dc_red=77548 ac_ir=288 ac_red=134 band=0.801 quality=0.40 flags=0x05
FRAME T=46.0s HR=70 SpO2=0 conf=40 flags=0x05 seq=9
DIAG T=51.0s I (51026) signal_diag: rate=99.8 dc_ir=85699 dc_red=77601 ac_ir=267 ac_red=117 band=0.693 quality=0.40 flags=0x05
FRAME T=51.1s HR=70 SpO2=0 conf=40 flags=0x05 seq=10
DIAG T=56.1s I (56076) signal_diag: rate=99.9 dc_ir=85812 dc_red=77687 ac_ir=289 ac_red=121 band=0.792 quality=0.95 flags=0x03
FRAME T=56.1s HR=67 SpO2=99 conf=95 flags=0x03 seq=11
DIAG T=61.1s I (61136) signal_diag: rate=99.9 dc_ir=85975 dc_red=77722 ac_ir=184 ac_red=84 band=0.661 quality=0.70 flags=0x03
FRAME T=61.2s HR=70 SpO2=99 conf=70 flags=0x03 seq=12
DIAG T=66.2s I (66196) signal_diag: rate=99.8 dc_ir=85903 dc_red=77672 ac_ir=221 ac_red=86 band=0.842 quality=0.70 flags=0x03
FRAME T=66.2s HR=76 SpO2=100 conf=70 flags=0x03 seq=13
DIAG T=71.3s I (71256) signal_diag: rate=99.8 dc_ir=85573 dc_red=77588 ac_ir=397 ac_red=129 band=0.888 quality=0.40 flags=0x05
FRAME T=71.3s HR=76 SpO2=0 conf=40 flags=0x05 seq=14
DIAG T=76.3s I (76316) signal_diag: rate=99.8 dc_ir=85338 dc_red=77534 ac_ir=293 ac_red=121 band=0.656 quality=0.40 flags=0x05
FRAME T=76.3s HR=76 SpO2=0 conf=40 flags=0x05 seq=15
DIAG T=81.4s I (81376) signal_diag: rate=99.9 dc_ir=85298 dc_red=77504 ac_ir=251 ac_red=109 band=0.758 quality=0.70 flags=0x03
FRAME T=81.4s HR=76 SpO2=99 conf=70 flags=0x03 seq=16
DIAG T=86.4s I (86436) signal_diag: rate=99.9 dc_ir=85040 dc_red=77425 ac_ir=318 ac_red=118 band=0.811 quality=0.70 flags=0x03
FRAME T=86.5s HR=70 SpO2=100 conf=70 flags=0x03 seq=17
DIAG T=91.5s I (91496) signal_diag: rate=99.8 dc_ir=84805 dc_red=77386 ac_ir=319 ac_red=134 band=0.767 quality=0.40 flags=0x05
FRAME T=91.5s HR=70 SpO2=0 conf=40 flags=0x05 seq=18
DIAG T=96.6s I (96556) signal_diag: rate=99.8 dc_ir=84671 dc_red=77374 ac_ir=325 ac_red=135 band=0.785 quality=0.70 flags=0x03
FRAME T=96.6s HR=70 SpO2=99 conf=70 flags=0x03 seq=19
DIAG T=101.6s I (101616) signal_diag: rate=99.9 dc_ir=84735 dc_red=77416 ac_ir=309 ac_red=131 band=0.872 quality=0.70 flags=0x03
FRAME T=101.6s HR=70 SpO2=99 conf=70 flags=0x03 seq=20
DIAG T=106.7s I (106676) signal_diag: rate=99.9 dc_ir=84994 dc_red=77529 ac_ir=285 ac_red=124 band=0.884 quality=0.70 flags=0x03
FRAME T=106.7s HR=70 SpO2=99 conf=70 flags=0x03 seq=21
SUMMARY TOTAL_FRAMES=22
SUMMARY STABLE_FRAMES=13
SUMMARY CLEAN_HR_COUNT=8
SUMMARY CLEAN_HR_VALUES=67,70,70,70,70,70,76,76
SUMMARY CLEAN_HR_MEDIAN=70
SUMMARY VALID_SPO2_COUNT=8
SUMMARY VALID_SPO2_VALUES=99,99,99,99,99,99,100,100
SUMMARY VALID_SPO2_MEDIAN=99
SUMMARY FALSE_LOCK_98_114_COUNT=0
SUMMARY BAD_VALID_SPO2_LT90_COUNT=0
CAPTURE_EXIT=0

===== CAPTURE 3 / MATRIX ROUND 0 / COM6 / LEFT_THUMB_NOT_RESET_ABORTED / VALID=False =====
SOURCE_JSONL_LINE=4710
COMMAND_EXECUTION_ID=exec-8ac8243a-03b9-4601-bad7-e7eb127a5f0f
CAPTURE_STARTED_LOCAL=2026-08-31 18:02:27.086 +08:00
CAPTURE_COMPLETED_LOCAL=2026-08-31 18:03:14.647 +08:00
COMMAND_DURATION_SECONDS=47.561
EXTERNAL_REFERENCE=未取参照；seq=123起步，立即作废
CAPTURE_PORT=COM6
CAPTURE_PLACEMENT=LEFT_THUMB
CAPTURE_SECONDS=110
DIAG T=0.6s W (110196) sample: ?????? 10985 ???????????? 5s +1??????1I (622636) signal_diag: rate=100.3 dc_ir=72408 dc_red=68204 ac_ir=410 ac_red=188 band=0.828 quality=0.70 flags=0x03
FRAME T=0.6s HR=68 SpO2=99 conf=70 flags=0x03 seq=123
DIAG T=5.7s I (627716) signal_diag: rate=100.3 dc_ir=71916 dc_red=67968 ac_ir=505 ac_red=237 band=0.856 quality=0.40 flags=0x05
FRAME T=5.7s HR=68 SpO2=0 conf=40 flags=0x05 seq=124
DIAG T=10.7s I (632796) signal_diag: rate=100.3 dc_ir=71390 dc_red=67762 ac_ir=440 ac_red=170 band=0.865 quality=0.40 flags=0x05
FRAME T=10.8s HR=68 SpO2=0 conf=40 flags=0x05 seq=125
DIAG T=15.8s I (637876) signal_diag: rate=100.3 dc_ir=70954 dc_red=67611 ac_ir=455 ac_red=201 band=0.894 quality=0.85 flags=0x03
FRAME T=15.8s HR=68 SpO2=99 conf=85 flags=0x03 seq=126
DIAG T=20.9s I (642956) signal_diag: rate=100.3 dc_ir=70805 dc_red=67544 ac_ir=408 ac_red=185 band=0.824 quality=0.95 flags=0x03
FRAME T=20.9s HR=67 SpO2=99 conf=95 flags=0x03 seq=127
DIAG T=26.0s I (648036) signal_diag: rate=100.3 dc_ir=71192 dc_red=67699 ac_ir=497 ac_red=211 band=0.852 quality=0.70 flags=0x03
FRAME T=26.0s HR=67 SpO2=99 conf=70 flags=0x03 seq=128
DIAG T=31.1s I (653116) signal_diag: rate=100.3 dc_ir=71891 dc_red=67987 ac_ir=538 ac_red=231 band=0.911 quality=0.85 flags=0x03
FRAME T=31.1s HR=70 SpO2=99 conf=85 flags=0x03 seq=129
DIAG T=36.1s I (658196) signal_diag: rate=100.3 dc_ir=72511 dc_red=68248 ac_ir=379 ac_red=152 band=0.792 quality=0.40 flags=0x05
FRAME T=36.2s HR=70 SpO2=0 conf=40 flags=0x05 seq=130
DIAG T=41.2s I (663276) signal_diag: rate=100.2 dc_ir=72562 dc_red=68315 ac_ir=311 ac_red=114 band=0.841 quality=0.40 flags=0x05
FRAME T=41.2s HR=70 SpO2=0 conf=40 flags=0x05 seq=131

===== CAPTURE 4 / MATRIX ROUND 3 / COM6 / LEFT_THUMB_NORMAL / VALID=True =====
SOURCE_JSONL_LINE=4754
COMMAND_EXECUTION_ID=exec-0805573f-c497-4390-84bd-64014b881b5e
CAPTURE_STARTED_LOCAL=2026-08-31 18:06:38.859 +08:00
CAPTURE_COMPLETED_LOCAL=2026-08-31 18:08:33.631 +08:00
COMMAND_DURATION_SECONDS=114.772
EXTERNAL_REFERENCE=97-98%，71-75bpm
esptool.py v4.11.0
Serial port COM6
Connecting...
Chip is ESP32-C3 (QFN32) (revision v0.4)
Features: WiFi, BLE, Embedded Flash 4MB (XMC)
Crystal is 40MHz
USB mode: USB-Serial/JTAG
MAC: 44:b1:76:01:e5:b8
Uploading stub...
Running stub...
Stub running...
Hard resetting via RTS pin...
RESET_EXIT=0
CAPTURE_PORT=COM6
CAPTURE_PLACEMENT=LEFT_THUMB
CAPTURE_SECONDS=110
DIAG T=4.4s I (5579) signal_diag: rate=100.2 dc_ir=0 dc_red=0 ac_ir=0 ac_red=0 band=0.000 quality=0.00 flags=0x00
FRAME T=4.6s HR=0 SpO2=0 conf=0 flags=0x00 seq=1
DIAG T=9.4s I (10599) signal_diag: rate=100.3 dc_ir=0 dc_red=0 ac_ir=0 ac_red=0 band=0.000 quality=0.00 flags=0x00
FRAME T=9.4s HR=0 SpO2=0 conf=0 flags=0x00 seq=2
DIAG T=14.5s I (15669) signal_diag: rate=100.3 dc_ir=73520 dc_red=69149 ac_ir=494 ac_red=267 band=0.561 quality=0.70 flags=0x00
FRAME T=14.5s HR=0 SpO2=0 conf=70 flags=0x00 seq=3
DIAG T=19.6s I (20739) signal_diag: rate=100.3 dc_ir=73242 dc_red=69082 ac_ir=387 ac_red=166 band=0.603 quality=0.60 flags=0x00
FRAME T=19.6s HR=0 SpO2=0 conf=60 flags=0x00 seq=4
DIAG T=24.6s I (25809) signal_diag: rate=100.3 dc_ir=72797 dc_red=68843 ac_ir=460 ac_red=234 band=0.541 quality=0.60 flags=0x00
FRAME T=24.7s HR=0 SpO2=0 conf=60 flags=0x00 seq=5
DIAG T=29.7s I (30879) signal_diag: rate=100.3 dc_ir=72742 dc_red=68695 ac_ir=458 ac_red=181 band=0.364 quality=0.60 flags=0x00
FRAME T=29.7s HR=0 SpO2=0 conf=60 flags=0x00 seq=6
DIAG T=34.8s I (35949) signal_diag: rate=100.3 dc_ir=72880 dc_red=68668 ac_ir=565 ac_red=259 band=0.625 quality=0.60 flags=0x00
FRAME T=34.8s HR=0 SpO2=0 conf=60 flags=0x00 seq=7
DIAG T=39.9s I (41029) signal_diag: rate=100.3 dc_ir=72652 dc_red=68637 ac_ir=574 ac_red=257 band=0.069 quality=0.60 flags=0x00
FRAME T=39.9s HR=0 SpO2=0 conf=60 flags=0x00 seq=8
DIAG T=44.9s I (46099) signal_diag: rate=100.3 dc_ir=72270 dc_red=68580 ac_ir=550 ac_red=233 band=0.572 quality=0.60 flags=0x00
FRAME T=44.9s HR=0 SpO2=0 conf=60 flags=0x00 seq=9
DIAG T=50.0s I (51169) signal_diag: rate=100.3 dc_ir=72354 dc_red=68672 ac_ir=572 ac_red=268 band=0.464 quality=0.60 flags=0x00
FRAME T=50.0s HR=0 SpO2=0 conf=60 flags=0x00 seq=10
DIAG T=55.1s I (56239) signal_diag: rate=100.3 dc_ir=72394 dc_red=68714 ac_ir=475 ac_red=205 band=0.599 quality=0.60 flags=0x00
FRAME T=55.1s HR=0 SpO2=0 conf=60 flags=0x00 seq=11
DIAG T=60.1s I (61309) signal_diag: rate=100.3 dc_ir=72139 dc_red=68615 ac_ir=393 ac_red=178 band=0.656 quality=0.70 flags=0x03
FRAME T=60.2s HR=73 SpO2=99 conf=70 flags=0x03 seq=12
DIAG T=65.2s I (66379) signal_diag: rate=100.3 dc_ir=72252 dc_red=68664 ac_ir=395 ac_red=181 band=0.601 quality=0.40 flags=0x05
FRAME T=65.2s HR=73 SpO2=0 conf=40 flags=0x05 seq=13
DIAG T=70.3s I (71459) signal_diag: rate=100.3 dc_ir=72439 dc_red=68755 ac_ir=405 ac_red=190 band=0.464 quality=0.40 flags=0x05
FRAME T=70.3s HR=73 SpO2=0 conf=40 flags=0x05 seq=14
DIAG T=75.3s I (76529) signal_diag: rate=100.3 dc_ir=72746 dc_red=68916 ac_ir=399 ac_red=184 band=0.551 quality=0.40 flags=0x05
FRAME T=75.4s HR=73 SpO2=0 conf=40 flags=0x05 seq=15
DIAG T=80.4s I (81599) signal_diag: rate=100.3 dc_ir=72939 dc_red=68999 ac_ir=307 ac_red=131 band=0.534 quality=0.70 flags=0x03
FRAME T=80.4s HR=70 SpO2=99 conf=70 flags=0x03 seq=16
DIAG T=85.5s I (86679) signal_diag: rate=100.3 dc_ir=72835 dc_red=68911 ac_ir=335 ac_red=151 band=0.000 quality=0.40 flags=0x05
FRAME T=85.5s HR=70 SpO2=0 conf=40 flags=0x05 seq=17
DIAG T=90.6s I (91749) signal_diag: rate=100.3 dc_ir=72976 dc_red=68929 ac_ir=456 ac_red=175 band=0.783 quality=0.40 flags=0x05
FRAME T=90.6s HR=70 SpO2=0 conf=40 flags=0x05 seq=18
DIAG T=95.6s I (96819) signal_diag: rate=100.3 dc_ir=73220 dc_red=69010 ac_ir=354 ac_red=138 band=0.315 quality=0.40 flags=0x05
FRAME T=95.7s HR=70 SpO2=0 conf=40 flags=0x05 seq=19
DIAG T=100.7s I (101889) signal_diag: rate=100.3 dc_ir=72957 dc_red=68949 ac_ir=408 ac_red=149 band=0.774 quality=0.40 flags=0x05
FRAME T=100.7s HR=70 SpO2=0 conf=40 flags=0x05 seq=20
DIAG T=105.8s I (106969) signal_diag: rate=100.3 dc_ir=72961 dc_red=69012 ac_ir=435 ac_red=189 band=0.744 quality=0.40 flags=0x05
FRAME T=105.8s HR=70 SpO2=0 conf=40 flags=0x05 seq=21
SUMMARY FIRST_SEQ=1
SUMMARY TOTAL_FRAMES=21
SUMMARY STABLE_FRAMES=12
SUMMARY CLEAN_HR_COUNT=2
SUMMARY CLEAN_HR_VALUES=70,73
SUMMARY CLEAN_HR_MEDIAN=71.5
SUMMARY VALID_SPO2_COUNT=2
SUMMARY VALID_SPO2_VALUES=99,99
SUMMARY VALID_SPO2_MEDIAN=99
SUMMARY FALSE_LOCK_98_114_COUNT=0
SUMMARY BAD_VALID_SPO2_LT90_COUNT=0
CAPTURE_EXIT=0

===== CAPTURE 5 / MATRIX ROUND 4 / COM7 / LEFT_THUMB_NORMAL / VALID=True =====
SOURCE_JSONL_LINE=4810
COMMAND_EXECUTION_ID=exec-bbfe7453-3bed-46b0-94bb-1585336c6593
CAPTURE_STARTED_LOCAL=2026-08-31 18:10:38.806 +08:00
CAPTURE_COMPLETED_LOCAL=2026-08-31 18:12:30.512 +08:00
COMMAND_DURATION_SECONDS=111.705
EXTERNAL_REFERENCE=98%，71bpm；用户确认此前及之后均为中位数口径
esptool.py v4.11.0
Serial port COM7
Connecting...
Chip is ESP32-C3 (QFN32) (revision v0.4)
Features: WiFi, BLE, Embedded Flash 4MB (XMC)
Crystal is 40MHz
USB mode: USB-Serial/JTAG
MAC: 44:b1:76:02:15:20
Uploading stub...
Running stub...
Stub running...
Hard resetting via RTS pin...
RESET_EXIT=0
CAPTURE_PORT=COM7
CAPTURE_PLACEMENT=LEFT_THUMB
CAPTURE_SECONDS=110
DIAG T=4.9s I (5559) signal_diag: rate=100.0 dc_ir=0 dc_red=0 ac_ir=0 ac_red=0 band=0.000 quality=0.00 flags=0x00
FRAME T=9.4s HR=0 SpO2=0 conf=0 flags=0x00 seq=1
DIAG T=9.9s I (10559) signal_diag: rate=99.9 dc_ir=0 dc_red=0 ac_ir=0 ac_red=0 band=0.000 quality=0.00 flags=0x00
FRAME T=9.9s HR=0 SpO2=0 conf=0 flags=0x00 seq=2
DIAG T=15.0s I (15609) signal_diag: rate=99.9 dc_ir=91218 dc_red=82221 ac_ir=335 ac_red=130 band=0.847 quality=0.70 flags=0x00
FRAME T=15.0s HR=0 SpO2=0 conf=70 flags=0x00 seq=3
DIAG T=20.0s I (20669) signal_diag: rate=99.9 dc_ir=91334 dc_red=82236 ac_ir=340 ac_red=133 band=0.881 quality=0.70 flags=0x03
FRAME T=20.0s HR=70 SpO2=100 conf=70 flags=0x03 seq=4
DIAG T=25.1s I (25729) signal_diag: rate=99.8 dc_ir=91301 dc_red=82159 ac_ir=369 ac_red=178 band=0.788 quality=0.40 flags=0x05
FRAME T=25.1s HR=70 SpO2=0 conf=40 flags=0x05 seq=5
DIAG T=30.1s I (30789) signal_diag: rate=99.8 dc_ir=91058 dc_red=82001 ac_ir=346 ac_red=157 band=0.148 quality=0.40 flags=0x05
FRAME T=30.1s HR=70 SpO2=0 conf=40 flags=0x05 seq=6
DIAG T=35.2s I (35839) signal_diag: rate=99.8 dc_ir=91105 dc_red=81988 ac_ir=373 ac_red=149 band=0.822 quality=0.40 flags=0x05
FRAME T=35.2s HR=70 SpO2=0 conf=40 flags=0x05 seq=7
DIAG T=40.2s I (40899) signal_diag: rate=99.9 dc_ir=91278 dc_red=82057 ac_ir=359 ac_red=149 band=0.857 quality=0.70 flags=0x03
FRAME T=40.3s HR=72 SpO2=99 conf=70 flags=0x03 seq=8
DIAG T=45.3s I (45959) signal_diag: rate=99.9 dc_ir=91691 dc_red=82172 ac_ir=477 ac_red=162 band=0.888 quality=0.95 flags=0x01
FRAME T=45.3s HR=71 SpO2=0 conf=95 flags=0x01 seq=9
DIAG T=50.4s I (51019) signal_diag: rate=99.8 dc_ir=91736 dc_red=82182 ac_ir=435 ac_red=151 band=0.836 quality=0.40 flags=0x05
FRAME T=50.4s HR=71 SpO2=0 conf=40 flags=0x05 seq=10
DIAG T=55.4s I (56079) signal_diag: rate=99.8 dc_ir=91347 dc_red=82100 ac_ir=386 ac_red=150 band=0.779 quality=0.70 flags=0x03
FRAME T=55.4s HR=71 SpO2=100 conf=70 flags=0x03 seq=11
DIAG T=60.5s I (61139) signal_diag: rate=99.8 dc_ir=91079 dc_red=82022 ac_ir=430 ac_red=165 band=0.840 quality=0.40 flags=0x05
FRAME T=60.5s HR=71 SpO2=0 conf=40 flags=0x05 seq=12
DIAG T=65.5s I (66199) signal_diag: rate=99.9 dc_ir=90785 dc_red=81878 ac_ir=389 ac_red=174 band=0.860 quality=0.70 flags=0x03
FRAME T=65.6s HR=69 SpO2=99 conf=70 flags=0x03 seq=13
DIAG T=70.6s I (71259) signal_diag: rate=99.9 dc_ir=90469 dc_red=81704 ac_ir=417 ac_red=175 band=0.826 quality=0.40 flags=0x05
FRAME T=70.6s HR=69 SpO2=0 conf=40 flags=0x05 seq=14
DIAG T=75.7s I (76319) signal_diag: rate=99.8 dc_ir=90642 dc_red=81809 ac_ir=566 ac_red=266 band=0.897 quality=0.95 flags=0x03
FRAME T=75.7s HR=69 SpO2=98 conf=95 flags=0x03 seq=15
DIAG T=80.7s I (81379) signal_diag: rate=99.8 dc_ir=91311 dc_red=82098 ac_ir=522 ac_red=204 band=0.867 quality=0.95 flags=0x03
FRAME T=80.7s HR=70 SpO2=100 conf=95 flags=0x03 seq=16
DIAG T=85.8s I (86439) signal_diag: rate=99.8 dc_ir=91110 dc_red=82058 ac_ir=624 ac_red=192 band=0.905 quality=0.95 flags=0x01
FRAME T=85.8s HR=70 SpO2=0 conf=95 flags=0x01 seq=17
DIAG T=90.8s I (91499) signal_diag: rate=99.9 dc_ir=90702 dc_red=82048 ac_ir=436 ac_red=197 band=0.805 quality=0.40 flags=0x05
FRAME T=90.9s HR=70 SpO2=0 conf=40 flags=0x05 seq=18
DIAG T=95.9s I (96559) signal_diag: rate=99.9 dc_ir=90923 dc_red=82197 ac_ir=418 ac_red=162 band=0.791 quality=0.85 flags=0x03
FRAME T=95.9s HR=70 SpO2=100 conf=85 flags=0x03 seq=19
DIAG T=101.0s I (101619) signal_diag: rate=99.8 dc_ir=90992 dc_red=82214 ac_ir=334 ac_red=134 band=0.778 quality=0.40 flags=0x05
FRAME T=101.0s HR=70 SpO2=0 conf=40 flags=0x05 seq=20
DIAG T=106.0s I (106679) signal_diag: rate=99.8 dc_ir=90981 dc_red=82241 ac_ir=304 ac_red=126 band=0.523 quality=0.40 flags=0x05
FRAME T=106.0s HR=70 SpO2=0 conf=40 flags=0x05 seq=21
SUMMARY FIRST_SEQ=1
SUMMARY TOTAL_FRAMES=21
SUMMARY STABLE_FRAMES=13
SUMMARY CLEAN_HR_COUNT=7
SUMMARY CLEAN_HR_VALUES=69,69,70,70,70,71,71
SUMMARY CLEAN_HR_MEDIAN=70
SUMMARY VALID_SPO2_COUNT=5
SUMMARY VALID_SPO2_VALUES=98,99,100,100,100
SUMMARY VALID_SPO2_MEDIAN=100
SUMMARY FALSE_LOCK_98_114_COUNT=0
SUMMARY BAD_VALID_SPO2_LT90_COUNT=0
CAPTURE_EXIT=0

===== CAPTURE 6 / MATRIX ROUND 5 / COM6 / RIGHT_THUMB_LIGHT_CONTACT / VALID=True =====
SOURCE_JSONL_LINE=4872
COMMAND_EXECUTION_ID=exec-45d5b173-1d45-45e8-8135-ac18b97d24a2
CAPTURE_STARTED_LOCAL=2026-08-31 18:16:08.824 +08:00
CAPTURE_COMPLETED_LOCAL=2026-08-31 18:18:00.534 +08:00
COMMAND_DURATION_SECONDS=111.71
EXTERNAL_REFERENCE=98-99%，70bpm
esptool.py v4.11.0
Serial port COM6
Connecting...
Chip is ESP32-C3 (QFN32) (revision v0.4)
Features: WiFi, BLE, Embedded Flash 4MB (XMC)
Crystal is 40MHz
USB mode: USB-Serial/JTAG
MAC: 44:b1:76:01:e5:b8
Uploading stub...
Running stub...
Stub running...
Hard resetting via RTS pin...
RESET_EXIT=0
CAPTURE_PORT=COM6
CAPTURE_PLACEMENT=RIGHT_THUMB_LIGHT_CONTACT
CAPTURE_SECONDS=110
DIAG T=4.9s I (5569) signal_diag: rate=100.2 dc_ir=0 dc_red=0 ac_ir=0 ac_red=0 band=0.000 quality=0.00 flags=0x00
FRAME T=5.1s HR=0 SpO2=0 conf=0 flags=0x00 seq=1
DIAG T=9.9s I (10589) signal_diag: rate=100.3 dc_ir=0 dc_red=0 ac_ir=0 ac_red=0 band=0.000 quality=0.00 flags=0x00
FRAME T=9.9s HR=0 SpO2=0 conf=0 flags=0x00 seq=2
DIAG T=15.0s I (15659) signal_diag: rate=100.4 dc_ir=74642 dc_red=70254 ac_ir=235 ac_red=109 band=0.108 quality=0.60 flags=0x00
FRAME T=15.0s HR=0 SpO2=0 conf=60 flags=0x00 seq=3
DIAG T=20.1s I (20739) signal_diag: rate=100.3 dc_ir=74876 dc_red=70290 ac_ir=308 ac_red=108 band=0.865 quality=0.60 flags=0x00
FRAME T=20.1s HR=0 SpO2=0 conf=60 flags=0x00 seq=4
DIAG T=25.1s I (25809) signal_diag: rate=100.4 dc_ir=74951 dc_red=70287 ac_ir=410 ac_red=170 band=0.255 quality=0.60 flags=0x00
FRAME T=25.2s HR=0 SpO2=0 conf=60 flags=0x00 seq=5
DIAG T=30.2s I (30879) signal_diag: rate=100.3 dc_ir=75137 dc_red=70339 ac_ir=493 ac_red=194 band=0.506 quality=0.70 flags=0x00
FRAME T=30.2s HR=0 SpO2=0 conf=70 flags=0x00 seq=6
DIAG T=35.3s I (35949) signal_diag: rate=100.3 dc_ir=75227 dc_red=70356 ac_ir=320 ac_red=132 band=0.836 quality=0.85 flags=0x03
FRAME T=35.3s HR=74 SpO2=99 conf=85 flags=0x03 seq=7
DIAG T=40.4s I (41019) signal_diag: rate=100.3 dc_ir=74979 dc_red=70253 ac_ir=231 ac_red=97 band=0.611 quality=0.70 flags=0x03
FRAME T=40.4s HR=65 SpO2=99 conf=70 flags=0x03 seq=8
DIAG T=45.4s I (46089) signal_diag: rate=100.3 dc_ir=74730 dc_red=70182 ac_ir=412 ac_red=148 band=0.819 quality=0.85 flags=0x01
FRAME T=45.4s HR=68 SpO2=0 conf=85 flags=0x01 seq=9
DIAG T=50.5s I (51159) signal_diag: rate=100.3 dc_ir=74100 dc_red=69949 ac_ir=523 ac_red=220 band=0.881 quality=0.70 flags=0x03
FRAME T=50.5s HR=68 SpO2=99 conf=70 flags=0x03 seq=10
DIAG T=55.6s I (56229) signal_diag: rate=100.3 dc_ir=73820 dc_red=69799 ac_ir=275 ac_red=115 band=0.823 quality=0.70 flags=0x03
FRAME T=55.6s HR=71 SpO2=99 conf=70 flags=0x03 seq=11
DIAG T=60.6s I (61299) signal_diag: rate=100.3 dc_ir=73704 dc_red=69783 ac_ir=359 ac_red=117 band=0.867 quality=0.40 flags=0x05
FRAME T=60.7s HR=71 SpO2=0 conf=40 flags=0x05 seq=12
DIAG T=65.7s I (66369) signal_diag: rate=100.3 dc_ir=73177 dc_red=69646 ac_ir=489 ac_red=190 band=0.830 quality=0.85 flags=0x03
FRAME T=65.7s HR=71 SpO2=100 conf=85 flags=0x03 seq=13
DIAG T=70.8s I (71449) signal_diag: rate=100.3 dc_ir=72478 dc_red=69374 ac_ir=547 ac_red=234 band=0.615 quality=0.40 flags=0x05
FRAME T=70.8s HR=71 SpO2=0 conf=40 flags=0x05 seq=14
DIAG T=75.9s I (76519) signal_diag: rate=100.3 dc_ir=72278 dc_red=69294 ac_ir=381 ac_red=167 band=0.800 quality=0.40 flags=0x05
FRAME T=75.9s HR=71 SpO2=0 conf=40 flags=0x05 seq=15
DIAG T=80.9s I (81589) signal_diag: rate=100.3 dc_ir=72654 dc_red=69459 ac_ir=353 ac_red=154 band=0.780 quality=0.85 flags=0x03
FRAME T=81.0s HR=71 SpO2=99 conf=85 flags=0x03 seq=16
DIAG T=86.0s I (86669) signal_diag: rate=100.3 dc_ir=73081 dc_red=69610 ac_ir=408 ac_red=142 band=0.854 quality=0.40 flags=0x05
FRAME T=86.0s HR=71 SpO2=0 conf=40 flags=0x05 seq=17
DIAG T=91.1s I (91739) signal_diag: rate=100.3 dc_ir=73640 dc_red=69827 ac_ir=469 ac_red=208 band=0.399 quality=0.40 flags=0x05
FRAME T=91.1s HR=71 SpO2=0 conf=40 flags=0x05 seq=18
DIAG T=96.1s I (96809) signal_diag: rate=100.3 dc_ir=73937 dc_red=70004 ac_ir=310 ac_red=153 band=0.470 quality=0.40 flags=0x05
FRAME T=96.2s HR=71 SpO2=0 conf=40 flags=0x05 seq=19
DIAG T=101.2s I (101879) signal_diag: rate=100.3 dc_ir=73817 dc_red=69972 ac_ir=289 ac_red=128 band=0.730 quality=0.85 flags=0x03
FRAME T=101.2s HR=71 SpO2=99 conf=85 flags=0x03 seq=20
DIAG T=106.3s I (106959) signal_diag: rate=100.2 dc_ir=73623 dc_red=69887 ac_ir=303 ac_red=120 band=0.878 quality=0.70 flags=0x03
FRAME T=106.3s HR=71 SpO2=100 conf=70 flags=0x03 seq=21
SUMMARY FIRST_SEQ=1
SUMMARY TOTAL_FRAMES=21
SUMMARY STABLE_FRAMES=13
SUMMARY CLEAN_HR_COUNT=7
SUMMARY CLEAN_HR_VALUES=68,68,71,71,71,71,71
SUMMARY CLEAN_HR_MEDIAN=71
SUMMARY VALID_SPO2_COUNT=6
SUMMARY VALID_SPO2_VALUES=99,99,99,99,100,100
SUMMARY VALID_SPO2_MEDIAN=99
SUMMARY FALSE_LOCK_98_114_COUNT=0
SUMMARY BAD_VALID_SPO2_LT90_COUNT=0
CAPTURE_EXIT=0

===== CAPTURE 7 / MATRIX ROUND 6 / COM7 / RIGHT_THUMB_LIGHT_CONTACT / VALID=True =====
SOURCE_JSONL_LINE=4930
COMMAND_EXECUTION_ID=exec-ae8eb7fd-4bbe-4428-bd5b-527be0ccae9a
CAPTURE_STARTED_LOCAL=2026-08-31 18:19:54.571 +08:00
CAPTURE_COMPLETED_LOCAL=2026-08-31 18:21:46.297 +08:00
COMMAND_DURATION_SECONDS=111.725
EXTERNAL_REFERENCE=68bpm，98
esptool.py v4.11.0
Serial port COM7
Connecting...
Chip is ESP32-C3 (QFN32) (revision v0.4)
Features: WiFi, BLE, Embedded Flash 4MB (XMC)
Crystal is 40MHz
USB mode: USB-Serial/JTAG
MAC: 44:b1:76:02:15:20
Uploading stub...
Running stub...
Stub running...
Hard resetting via RTS pin...
RESET_EXIT=0
CAPTURE_PORT=COM7
CAPTURE_PLACEMENT=RIGHT_THUMB_LIGHT_CONTACT
CAPTURE_SECONDS=110
DIAG T=4.9s I (5549) signal_diag: rate=100.0 dc_ir=0 dc_red=0 ac_ir=0 ac_red=0 band=0.000 quality=0.00 flags=0x00
FRAME T=9.3s HR=0 SpO2=0 conf=0 flags=0x00 seq=1
DIAG T=9.9s I (10549) signal_diag: rate=99.9 dc_ir=0 dc_red=0 ac_ir=0 ac_red=0 band=0.000 quality=0.00 flags=0x00
FRAME T=9.9s HR=0 SpO2=0 conf=0 flags=0x00 seq=2
DIAG T=14.9s I (15599) signal_diag: rate=99.9 dc_ir=88341 dc_red=79519 ac_ir=299 ac_red=90 band=0.807 quality=0.60 flags=0x00
FRAME T=14.9s HR=0 SpO2=0 conf=60 flags=0x00 seq=3
DIAG T=20.0s I (20659) signal_diag: rate=99.8 dc_ir=87878 dc_red=79399 ac_ir=374 ac_red=112 band=0.876 quality=0.85 flags=0x00
FRAME T=20.0s HR=0 SpO2=0 conf=85 flags=0x00 seq=4
DIAG T=25.0s I (25709) signal_diag: rate=99.8 dc_ir=87119 dc_red=79168 ac_ir=588 ac_red=205 band=0.624 quality=0.70 flags=0x00
FRAME T=25.0s HR=0 SpO2=0 conf=70 flags=0x00 seq=5
DIAG T=30.1s I (30769) signal_diag: rate=99.8 dc_ir=86481 dc_red=78928 ac_ir=402 ac_red=163 band=0.770 quality=0.60 flags=0x00
FRAME T=30.1s HR=0 SpO2=0 conf=60 flags=0x00 seq=6
DIAG T=35.1s I (35819) signal_diag: rate=99.9 dc_ir=86813 dc_red=78994 ac_ir=595 ac_red=191 band=0.896 quality=0.85 flags=0x00
FRAME T=35.2s HR=0 SpO2=0 conf=85 flags=0x00 seq=7
DIAG T=40.2s I (40879) signal_diag: rate=99.9 dc_ir=87381 dc_red=79179 ac_ir=268 ac_red=103 band=0.538 quality=0.60 flags=0x00
FRAME T=40.2s HR=0 SpO2=0 conf=60 flags=0x00 seq=8
DIAG T=45.3s I (45939) signal_diag: rate=99.8 dc_ir=87512 dc_red=79242 ac_ir=204 ac_red=82 band=0.818 quality=0.70 flags=0x03
FRAME T=45.3s HR=69 SpO2=99 conf=70 flags=0x03 seq=9
DIAG T=50.3s I (50999) signal_diag: rate=99.8 dc_ir=87461 dc_red=79244 ac_ir=263 ac_red=92 band=0.881 quality=0.70 flags=0x01
FRAME T=50.3s HR=67 SpO2=0 conf=70 flags=0x01 seq=10
DIAG T=55.4s I (56059) signal_diag: rate=99.9 dc_ir=87096 dc_red=79147 ac_ir=387 ac_red=140 band=0.841 quality=0.40 flags=0x05
FRAME T=55.4s HR=67 SpO2=0 conf=40 flags=0x05 seq=11
DIAG T=60.4s I (61119) signal_diag: rate=99.9 dc_ir=86876 dc_red=79056 ac_ir=313 ac_red=131 band=0.668 quality=0.40 flags=0x05
FRAME T=60.5s HR=67 SpO2=0 conf=40 flags=0x05 seq=12
DIAG T=65.5s I (66179) signal_diag: rate=99.8 dc_ir=87048 dc_red=79108 ac_ir=308 ac_red=127 band=0.618 quality=0.40 flags=0x05
FRAME T=65.5s HR=67 SpO2=0 conf=40 flags=0x05 seq=13
DIAG T=70.6s I (71239) signal_diag: rate=99.8 dc_ir=87269 dc_red=79184 ac_ir=320 ac_red=108 band=0.742 quality=0.70 flags=0x01
FRAME T=70.6s HR=67 SpO2=0 conf=70 flags=0x01 seq=14
DIAG T=75.6s I (76299) signal_diag: rate=99.9 dc_ir=87193 dc_red=79187 ac_ir=341 ac_red=113 band=0.862 quality=0.70 flags=0x01
FRAME T=75.6s HR=67 SpO2=0 conf=70 flags=0x01 seq=15
DIAG T=80.7s I (81359) signal_diag: rate=99.9 dc_ir=87165 dc_red=79199 ac_ir=298 ac_red=107 band=0.859 quality=0.70 flags=0x01
FRAME T=80.7s HR=67 SpO2=0 conf=70 flags=0x01 seq=16
DIAG T=85.7s I (86419) signal_diag: rate=99.8 dc_ir=87635 dc_red=79308 ac_ir=446 ac_red=139 band=0.867 quality=0.85 flags=0x01
FRAME T=85.8s HR=67 SpO2=0 conf=85 flags=0x01 seq=17
DIAG T=90.8s I (91479) signal_diag: rate=99.8 dc_ir=87824 dc_red=79384 ac_ir=293 ac_red=92 band=0.768 quality=0.70 flags=0x01
FRAME T=90.8s HR=67 SpO2=0 conf=70 flags=0x01 seq=18
DIAG T=95.9s I (96539) signal_diag: rate=99.8 dc_ir=87742 dc_red=79377 ac_ir=247 ac_red=90 band=0.076 quality=0.40 flags=0x05
FRAME T=95.9s HR=67 SpO2=0 conf=40 flags=0x05 seq=19
DIAG T=100.9s I (101589) signal_diag: rate=99.9 dc_ir=87922 dc_red=79380 ac_ir=240 ac_red=94 band=0.696 quality=0.70 flags=0x01
FRAME T=100.9s HR=65 SpO2=0 conf=70 flags=0x01 seq=20
DIAG T=106.0s I (106649) signal_diag: rate=100.0 dc_ir=88158 dc_red=79417 ac_ir=267 ac_red=99 band=0.673 quality=0.40 flags=0x05
FRAME T=106.0s HR=65 SpO2=0 conf=40 flags=0x05 seq=21
SUMMARY FIRST_SEQ=1
SUMMARY TOTAL_FRAMES=21
SUMMARY STABLE_FRAMES=13
SUMMARY CLEAN_HR_COUNT=8
SUMMARY CLEAN_HR_VALUES=65,67,67,67,67,67,67,69
SUMMARY CLEAN_HR_MEDIAN=67
SUMMARY VALID_SPO2_COUNT=1
SUMMARY VALID_SPO2_VALUES=99
SUMMARY VALID_SPO2_MEDIAN=99
SUMMARY FALSE_LOCK_98_114_COUNT=0
SUMMARY BAD_VALID_SPO2_LT90_COUNT=0
CAPTURE_EXIT=0

===== CAPTURE 8 / MATRIX ROUND 7 / COM6 / RIGHT_THUMB_FIRM_CONTACT / VALID=True =====
SOURCE_JSONL_LINE=4986
COMMAND_EXECUTION_ID=exec-edaf1959-dbfe-4fc1-b90d-44580b5a9c1f
CAPTURE_STARTED_LOCAL=2026-08-31 18:24:21.453 +08:00
CAPTURE_COMPLETED_LOCAL=2026-08-31 18:26:13.121 +08:00
COMMAND_DURATION_SECONDS=111.667
EXTERNAL_REFERENCE=73bpm，98-99
esptool.py v4.11.0
Serial port COM6
Connecting...
Chip is ESP32-C3 (QFN32) (revision v0.4)
Features: WiFi, BLE, Embedded Flash 4MB (XMC)
Crystal is 40MHz
USB mode: USB-Serial/JTAG
MAC: 44:b1:76:01:e5:b8
Uploading stub...
Running stub...
Stub running...
Hard resetting via RTS pin...
RESET_EXIT=0
CAPTURE_PORT=COM6
CAPTURE_PLACEMENT=RIGHT_THUMB_FIRM_CONTACT
CAPTURE_SECONDS=110
DIAG T=4.9s I (5589) signal_diag: rate=100.2 dc_ir=0 dc_red=0 ac_ir=0 ac_red=0 band=0.000 quality=0.00 flags=0x00
FRAME T=5.1s HR=0 SpO2=0 conf=0 flags=0x00 seq=1
DIAG T=10.0s I (10609) signal_diag: rate=100.3 dc_ir=0 dc_red=0 ac_ir=0 ac_red=0 band=0.000 quality=0.00 flags=0x00
FRAME T=10.0s HR=0 SpO2=0 conf=0 flags=0x00 seq=2
DIAG T=15.0s I (15679) signal_diag: rate=100.3 dc_ir=72164 dc_red=66060 ac_ir=182 ac_red=79 band=0.407 quality=0.60 flags=0x00
FRAME T=15.0s HR=0 SpO2=0 conf=60 flags=0x00 seq=3
DIAG T=20.1s I (20749) signal_diag: rate=100.3 dc_ir=72133 dc_red=65990 ac_ir=184 ac_red=80 band=0.662 quality=0.60 flags=0x00
FRAME T=20.1s HR=0 SpO2=0 conf=60 flags=0x00 seq=4
DIAG T=25.2s I (25819) signal_diag: rate=100.3 dc_ir=72010 dc_red=65889 ac_ir=218 ac_red=102 band=0.871 quality=0.60 flags=0x00
FRAME T=25.2s HR=0 SpO2=0 conf=60 flags=0x00 seq=5
DIAG T=30.2s I (30889) signal_diag: rate=100.3 dc_ir=71937 dc_red=65805 ac_ir=204 ac_red=77 band=0.854 quality=0.85 flags=0x00
FRAME T=30.3s HR=0 SpO2=0 conf=85 flags=0x00 seq=6
DIAG T=35.3s I (35959) signal_diag: rate=100.3 dc_ir=72105 dc_red=65832 ac_ir=233 ac_red=77 band=0.346 quality=0.70 flags=0x00
FRAME T=35.3s HR=0 SpO2=0 conf=70 flags=0x00 seq=7
DIAG T=40.4s I (41029) signal_diag: rate=100.3 dc_ir=72122 dc_red=65808 ac_ir=272 ac_red=119 band=0.473 quality=0.70 flags=0x03
FRAME T=40.4s HR=87 SpO2=99 conf=70 flags=0x03 seq=8
DIAG T=45.4s I (46099) signal_diag: rate=100.3 dc_ir=71876 dc_red=65673 ac_ir=302 ac_red=131 band=0.822 quality=0.40 flags=0x05
FRAME T=45.5s HR=87 SpO2=0 conf=40 flags=0x05 seq=9
DIAG T=50.5s I (51169) signal_diag: rate=100.3 dc_ir=71854 dc_red=65621 ac_ir=259 ac_red=92 band=0.538 quality=0.40 flags=0x05
FRAME T=50.5s HR=87 SpO2=0 conf=40 flags=0x05 seq=10
DIAG T=55.6s I (56239) signal_diag: rate=100.3 dc_ir=71849 dc_red=65574 ac_ir=248 ac_red=104 band=0.826 quality=0.40 flags=0x05
FRAME T=55.6s HR=87 SpO2=0 conf=40 flags=0x05 seq=11
DIAG T=60.6s I (61309) signal_diag: rate=100.2 dc_ir=71820 dc_red=65526 ac_ir=249 ac_red=89 band=0.815 quality=0.40 flags=0x05
FRAME T=60.7s HR=87 SpO2=0 conf=40 flags=0x05 seq=12
DIAG T=65.7s I (66379) signal_diag: rate=100.3 dc_ir=72002 dc_red=65573 ac_ir=241 ac_red=84 band=0.261 quality=0.40 flags=0x05
FRAME T=65.7s HR=87 SpO2=0 conf=40 flags=0x05 seq=13
DIAG T=70.8s I (71449) signal_diag: rate=100.3 dc_ir=72082 dc_red=65582 ac_ir=194 ac_red=72 band=0.412 quality=0.40 flags=0x05
FRAME T=70.8s HR=87 SpO2=0 conf=40 flags=0x05 seq=14
DIAG T=75.9s I (76519) signal_diag: rate=100.3 dc_ir=72065 dc_red=65551 ac_ir=197 ac_red=71 band=0.872 quality=0.85 flags=0x01
FRAME T=75.9s HR=73 SpO2=0 conf=85 flags=0x01 seq=15
DIAG T=80.9s I (81589) signal_diag: rate=100.3 dc_ir=72105 dc_red=65545 ac_ir=186 ac_red=65 band=0.434 quality=0.40 flags=0x05
FRAME T=81.0s HR=73 SpO2=0 conf=40 flags=0x05 seq=16
DIAG T=86.0s I (86659) signal_diag: rate=100.3 dc_ir=72091 dc_red=65529 ac_ir=215 ac_red=78 band=0.835 quality=0.70 flags=0x03
FRAME T=86.0s HR=73 SpO2=100 conf=70 flags=0x03 seq=17
DIAG T=91.1s I (91739) signal_diag: rate=100.3 dc_ir=71724 dc_red=65358 ac_ir=420 ac_red=191 band=0.679 quality=0.40 flags=0x05
FRAME T=91.1s HR=73 SpO2=0 conf=40 flags=0x05 seq=18
DIAG T=96.1s I (96809) signal_diag: rate=100.2 dc_ir=70901 dc_red=64873 ac_ir=579 ac_red=369 band=0.934 quality=0.85 flags=0x03
FRAME T=96.2s HR=73 SpO2=94 conf=85 flags=0x03 seq=19
DIAG T=101.2s I (101879) signal_diag: rate=100.3 dc_ir=70175 dc_red=64426 ac_ir=362 ac_red=191 band=0.858 quality=0.40 flags=0x05
FRAME T=101.2s HR=73 SpO2=0 conf=40 flags=0x05 seq=20
DIAG T=106.3s I (106959) signal_diag: rate=100.3 dc_ir=69952 dc_red=64402 ac_ir=251 ac_red=135 band=0.319 quality=0.40 flags=0x05
FRAME T=106.3s HR=73 SpO2=0 conf=40 flags=0x05 seq=21
SUMMARY FIRST_SEQ=1
SUMMARY TOTAL_FRAMES=21
SUMMARY STABLE_FRAMES=13
SUMMARY CLEAN_HR_COUNT=3
SUMMARY CLEAN_HR_VALUES=73,73,73
SUMMARY CLEAN_HR_MEDIAN=73
SUMMARY VALID_SPO2_COUNT=2
SUMMARY VALID_SPO2_VALUES=94,100
SUMMARY VALID_SPO2_MEDIAN=97
SUMMARY FALSE_LOCK_98_114_COUNT=0
SUMMARY BAD_VALID_SPO2_LT90_COUNT=0
CAPTURE_EXIT=0

===== CAPTURE 9 / MATRIX ROUND 8 / COM7 / RIGHT_THUMB_FIRM_CONTACT / VALID=True =====
SOURCE_JSONL_LINE=5039
COMMAND_EXECUTION_ID=exec-50f0ea3b-790b-4328-a4b2-d24267ddbea0
CAPTURE_STARTED_LOCAL=2026-08-31 18:28:08.533 +08:00
CAPTURE_COMPLETED_LOCAL=2026-08-31 18:30:00.250 +08:00
COMMAND_DURATION_SECONDS=111.717
EXTERNAL_REFERENCE=98，74bpm
esptool.py v4.11.0
Serial port COM7
Connecting...
Chip is ESP32-C3 (QFN32) (revision v0.4)
Features: WiFi, BLE, Embedded Flash 4MB (XMC)
Crystal is 40MHz
USB mode: USB-Serial/JTAG
MAC: 44:b1:76:02:15:20
Uploading stub...
Running stub...
Stub running...
Hard resetting via RTS pin...
RESET_EXIT=0
CAPTURE_PORT=COM7
CAPTURE_PLACEMENT=RIGHT_THUMB_FIRM_CONTACT
CAPTURE_SECONDS=110
DIAG T=4.9s I (5579) signal_diag: rate=100.0 dc_ir=0 dc_red=0 ac_ir=0 ac_red=0 band=0.000 quality=0.00 flags=0x00
FRAME T=9.3s HR=0 SpO2=0 conf=0 flags=0x00 seq=1
DIAG T=9.9s I (10579) signal_diag: rate=99.9 dc_ir=0 dc_red=0 ac_ir=0 ac_red=0 band=0.000 quality=0.00 flags=0x00
FRAME T=9.9s HR=0 SpO2=0 conf=0 flags=0x00 seq=2
DIAG T=15.0s I (15629) signal_diag: rate=99.9 dc_ir=89462 dc_red=79692 ac_ir=477 ac_red=127 band=0.943 quality=0.95 flags=0x00
FRAME T=15.0s HR=0 SpO2=0 conf=95 flags=0x00 seq=3
DIAG T=20.0s I (20689) signal_diag: rate=99.9 dc_ir=89687 dc_red=79644 ac_ir=399 ac_red=188 band=0.829 quality=0.95 flags=0x03
FRAME T=20.0s HR=75 SpO2=98 conf=95 flags=0x03 seq=4
DIAG T=25.1s I (25749) signal_diag: rate=99.8 dc_ir=89041 dc_red=79251 ac_ir=659 ac_red=332 band=0.921 quality=0.85 flags=0x03
FRAME T=25.1s HR=76 SpO2=98 conf=85 flags=0x03 seq=5
DIAG T=30.1s I (30809) signal_diag: rate=99.8 dc_ir=88803 dc_red=79029 ac_ir=432 ac_red=128 band=0.901 quality=0.40 flags=0x05
FRAME T=30.2s HR=76 SpO2=0 conf=40 flags=0x05 seq=6
DIAG T=35.2s I (35869) signal_diag: rate=99.8 dc_ir=89057 dc_red=79038 ac_ir=325 ac_red=128 band=0.861 quality=0.40 flags=0x05
FRAME T=35.2s HR=76 SpO2=0 conf=40 flags=0x05 seq=7
DIAG T=40.3s I (40929) signal_diag: rate=99.9 dc_ir=88988 dc_red=79001 ac_ir=349 ac_red=145 band=0.131 quality=0.40 flags=0x05
FRAME T=40.3s HR=76 SpO2=0 conf=40 flags=0x05 seq=8
DIAG T=45.3s I (45989) signal_diag: rate=99.8 dc_ir=88931 dc_red=79009 ac_ir=353 ac_red=147 band=0.797 quality=0.40 flags=0x05
FRAME T=45.3s HR=76 SpO2=0 conf=40 flags=0x05 seq=9
DIAG T=50.4s I (51049) signal_diag: rate=99.8 dc_ir=88447 dc_red=78891 ac_ir=514 ac_red=147 band=0.923 quality=0.70 flags=0x01
FRAME T=50.4s HR=75 SpO2=0 conf=70 flags=0x01 seq=10
DIAG T=55.4s I (56109) signal_diag: rate=99.8 dc_ir=88275 dc_red=78992 ac_ir=522 ac_red=273 band=0.671 quality=0.40 flags=0x05
FRAME T=55.5s HR=75 SpO2=0 conf=40 flags=0x05 seq=11
DIAG T=60.5s I (61169) signal_diag: rate=99.8 dc_ir=89064 dc_red=79383 ac_ir=724 ac_red=280 band=0.932 quality=0.95 flags=0x03
FRAME T=60.5s HR=76 SpO2=100 conf=95 flags=0x03 seq=12
DIAG T=65.6s I (66229) signal_diag: rate=99.9 dc_ir=89747 dc_red=79582 ac_ir=388 ac_red=123 band=0.861 quality=0.40 flags=0x05
FRAME T=65.6s HR=76 SpO2=0 conf=40 flags=0x05 seq=13
DIAG T=70.6s I (71289) signal_diag: rate=99.9 dc_ir=89992 dc_red=79555 ac_ir=336 ac_red=130 band=0.848 quality=0.70 flags=0x03
FRAME T=70.6s HR=75 SpO2=100 conf=70 flags=0x03 seq=14
DIAG T=75.7s I (76349) signal_diag: rate=99.8 dc_ir=90017 dc_red=79443 ac_ir=337 ac_red=148 band=0.827 quality=0.40 flags=0x05
FRAME T=75.7s HR=75 SpO2=0 conf=40 flags=0x05 seq=15
DIAG T=80.7s I (81409) signal_diag: rate=99.8 dc_ir=89972 dc_red=79327 ac_ir=345 ac_red=143 band=0.884 quality=0.70 flags=0x03
FRAME T=80.8s HR=74 SpO2=99 conf=70 flags=0x03 seq=16
DIAG T=85.8s I (86469) signal_diag: rate=99.8 dc_ir=89953 dc_red=79213 ac_ir=333 ac_red=149 band=0.916 quality=0.85 flags=0x03
FRAME T=85.8s HR=74 SpO2=99 conf=85 flags=0x03 seq=17
DIAG T=90.9s I (91529) signal_diag: rate=99.9 dc_ir=90041 dc_red=79162 ac_ir=352 ac_red=129 band=0.867 quality=0.70 flags=0x03
FRAME T=90.9s HR=73 SpO2=100 conf=70 flags=0x03 seq=18
DIAG T=95.9s I (96589) signal_diag: rate=99.9 dc_ir=90118 dc_red=79147 ac_ir=349 ac_red=135 band=0.884 quality=0.70 flags=0x03
FRAME T=95.9s HR=71 SpO2=99 conf=70 flags=0x03 seq=19
DIAG T=101.0s I (101649) signal_diag: rate=99.8 dc_ir=89742 dc_red=78929 ac_ir=552 ac_red=271 band=0.906 quality=0.95 flags=0x03
FRAME T=101.0s HR=71 SpO2=98 conf=95 flags=0x03 seq=20
DIAG T=106.0s I (106709) signal_diag: rate=99.8 dc_ir=88568 dc_red=78418 ac_ir=988 ac_red=383 band=0.933 quality=0.85 flags=0x03
FRAME T=106.1s HR=72 SpO2=99 conf=85 flags=0x03 seq=21
SUMMARY FIRST_SEQ=1
SUMMARY TOTAL_FRAMES=21
SUMMARY STABLE_FRAMES=13
SUMMARY CLEAN_HR_COUNT=9
SUMMARY CLEAN_HR_VALUES=71,71,72,73,74,74,75,75,76
SUMMARY CLEAN_HR_MEDIAN=74
SUMMARY VALID_SPO2_COUNT=8
SUMMARY VALID_SPO2_VALUES=98,99,99,99,99,100,100,100
SUMMARY VALID_SPO2_MEDIAN=99
SUMMARY FALSE_LOCK_98_114_COUNT=0
SUMMARY BAD_VALID_SPO2_LT90_COUNT=0
CAPTURE_EXIT=0


